
PCKEY_ENTER:TIKEY_ENTER
PCKEY_RETURN:TIKEY_ENTER

PCKEY_0:TIKEY_0
PCKEY_1:TIKEY_1
PCKEY_2:TIKEY_2
PCKEY_3:TIKEY_3
PCKEY_4:TIKEY_4
PCKEY_5:TIKEY_5
PCKEY_6:TIKEY_6
PCKEY_7:TIKEY_7
PCKEY_8:TIKEY_8
PCKEY_9:TIKEY_9

PCKEY_ADD:TIKEY_PLUS
PCKEY_MULTIPLY:TIKEY_MULTIPLY
PCKEY_DIVIDE:TIKEY_DIVIDE
PCKEY_SUBTRACT:TIKEY_MINUS

// Arrows
PCKEY_UP:TIKEY_UP
PCKEY_DOWN:TIKEY_DOWN
PCKEY_RIGHT:TIKEY_RIGHT
PCKEY_LEFT:TIKEY_LEFT

// Functions
PCKEY_F1:TIKEY_YEQU
PCKEY_F2:TIKEY_WINDOW
PCKEY_F3:TIKEY_ZOOM
PCKEY_F4:TIKEY_TRACE
PCKEY_F5:TIKEY_GRAPH

PCKEY_A:TIKEY_MATH,TIKEY_ALPHA
PCKEY_B:TIKEY_MATRIX,TIKEY_ALPHA
PCKEY_C:TIKEY_PRGM,TIKEY_ALPHA
PCKEY_D:TIKEY_RECIP,TIKEY_ALPHA
PCKEY_E:TIKEY_SIN,TIKEY_ALPHA
PCKEY_F:TIKEY_COS,TIKEY_ALPHA
PCKEY_G:TIKEY_TAN,TIKEY_ALPHA
PCKEY_H:TIKEY_POWER,TIKEY_ALPHA
PCKEY_I:TIKEY_SQUARE,TIKEY_ALPHA
PCKEY_J:TIKEY_COMMA,TIKEY_ALPHA
PCKEY_K:TIKEY_LPAREN,TIKEY_ALPHA
PCKEY_L:TIKEY_RPAREN,TIKEY_ALPHA
PCKEY_M:TIKEY_DIV,TIKEY_ALPHA
PCKEY_N:TIKEY_LOG,TIKEY_ALPHA
PCKEY_O:TIKEY_7,TIKEY_ALPHA
PCKEY_P:TIKEY_8,TIKEY_ALPHA
PCKEY_Q:TIKEY_9,TIKEY_ALPHA
PCKEY_R:TIKEY_MUL,TIKEY_ALPHA
PCKEY_S:TIKEY_LN,TIKEY_ALPHA
PCKEY_T:TIKEY_4,TIKEY_ALPHA
PCKEY_U:TIKEY_5,TIKEY_ALPHA
PCKEY_V:TIKEY_6,TIKEY_ALPHA
PCKEY_W:TIKEY_SUB,TIKEY_ALPHA
PCKEY_X:TIKEY_STORE,TIKEY_ALPHA
PCKEY_Y:TIKEY_1,TIKEY_ALPHA
PCKEY_Z:TIKEY_2,TIKEY_ALPHA
PCKEY_Space:TIKEY_0,TIKEY_ALPHA