
PCKEY_END:TIKEY_ON
PCKEY_ESCAPE:TIKEY_MODE

PCKEY_ENTER:TIKEY_ENTER
PCKEY_RETURN:TIKEY_ENTER

PCKEY_0:TIKEY_0
PCKEY_1:TIKEY_1
PCKEY_2:TIKEY_2
PCKEY_3:TIKEY_3
PCKEY_4:TIKEY_4
PCKEY_5:TIKEY_5
PCKEY_6:TIKEY_6
PCKEY_7:TIKEY_7
PCKEY_8:TIKEY_8
PCKEY_9:TIKEY_9

PCKEY_ADD:TIKEY_PLUS
PCKEY_MULTIPLY:TIKEY_MULTIPLY
PCKEY_DIVIDE:TIKEY_DIVIDE
PCKEY_SUBTRACT:TIKEY_MINUS

// Arrows
PCKEY_UP:TIKEY_UP
PCKEY_DOWN:TIKEY_DOWN
PCKEY_RIGHT:TIKEY_RIGHT
PCKEY_LEFT:TIKEY_LEFT

// Functions
PCKEY_F1:TIKEY_YEQU
PCKEY_F2:TIKEY_WINDOW
PCKEY_F3:TIKEY_ZOOM
PCKEY_F4:TIKEY_TRACE
PCKEY_F5:TIKEY_GRAPH

// edit : tailored for XOS...
PCKEY_SHIFT:TIKEY_ALPHA
PCKEY_CONTROL:TIKEY_2ND
PCKEY_DELETE:TIKEY_CLEAR
PCKEY_BACKSPACE:TIKEY_DEL

PCKEY_A:TIKEY_MATH
PCKEY_B:TIKEY_MATRIX
PCKEY_C:TIKEY_PRGM
PCKEY_D:TIKEY_RECIP
PCKEY_E:TIKEY_SIN
PCKEY_F:TIKEY_COS
PCKEY_G:TIKEY_TAN
PCKEY_H:TIKEY_POWER
PCKEY_I:TIKEY_SQUARE
PCKEY_J:TIKEY_COMMA
PCKEY_K:TIKEY_LPAREN
PCKEY_L:TIKEY_RPAREN
PCKEY_M:TIKEY_DIV
PCKEY_N:TIKEY_LOG
PCKEY_O:TIKEY_7
PCKEY_P:TIKEY_8
PCKEY_Q:TIKEY_9
PCKEY_R:TIKEY_MUL
PCKEY_S:TIKEY_LN
PCKEY_T:TIKEY_4
PCKEY_U:TIKEY_5
PCKEY_V:TIKEY_6
PCKEY_W:TIKEY_SUB
PCKEY_X:TIKEY_STORE
PCKEY_Y:TIKEY_1
PCKEY_Z:TIKEY_2
PCKEY_Space:TIKEY_0
